{"torch": "2.11.0+cu128", "torch_cuda": "12.8", "gpu": "Tesla T4", "capability": [7, 5]}
{"version": "base", "kind": "layer_affine", "device": "cpu", "dtype": "torch.float32", "memory_efficient": false, "strided": false, "callback_grad_enabled": false, "backward_error": null, "no_grad_setup_calls": 0}
{"version": "base", "kind": "layer_affine", "device": "cpu", "dtype": "torch.float32", "memory_efficient": false, "strided": true, "callback_grad_enabled": false, "backward_error": null, "no_grad_setup_calls": 0}
{"version": "base", "kind": "layer_affine", "device": "cpu", "dtype": "torch.float32", "memory_efficient": true, "strided": false, "callback_grad_enabled": false, "backward_error": null, "no_grad_setup_calls": 0}
{"version": "base", "kind": "layer_affine", "device": "cpu", "dtype": "torch.float32", "memory_efficient": true, "strided": true, "callback_grad_enabled": false, "backward_error": null, "no_grad_setup_calls": 0}
{"version": "base", "kind": "layer_affine", "device": "cpu", "dtype": "torch.float16", "memory_efficient": false, "strided": false, "callback_grad_enabled": false, "backward_error": null, "no_grad_setup_calls": 0}
{"version": "base", "kind": "layer_affine", "device": "cpu", "dtype": "torch.float16", "memory_efficient": false, "strided": true, "callback_grad_enabled": false, "backward_error": null, "no_grad_setup_calls": 0}
{"version": "base", "kind": "layer_affine", "device": "cpu", "dtype": "torch.float16", "memory_efficient": true, "strided": false, "callback_grad_enabled": false, "backward_error": null, "no_grad_setup_calls": 0}
{"version": "base", "kind": "layer_affine", "device": "cpu", "dtype": "torch.float16", "memory_efficient": true, "strided": true, "callback_grad_enabled": false, "backward_error": null, "no_grad_setup_calls": 0}
{"version": "base", "kind": "layer_affine", "device": "cuda", "dtype": "torch.float32", "memory_efficient": false, "strided": false, "callback_grad_enabled": false, "backward_error": null, "no_grad_setup_calls": 0}
{"version": "base", "kind": "layer_affine", "device": "cuda", "dtype": "torch.float32", "memory_efficient": false, "strided": true, "callback_grad_enabled": false, "backward_error": null, "no_grad_setup_calls": 0}
{"version": "base", "kind": "layer_affine", "device": "cuda", "dtype": "torch.float32", "memory_efficient": true, "strided": false, "callback_grad_enabled": false, "backward_error": null, "no_grad_setup_calls": 0}
{"version": "base", "kind": "layer_affine", "device": "cuda", "dtype": "torch.float32", "memory_efficient": true, "strided": true, "callback_grad_enabled": false, "backward_error": null, "no_grad_setup_calls": 0}
{"version": "base", "kind": "layer_affine", "device": "cuda", "dtype": "torch.float16", "memory_efficient": false, "strided": false, "callback_grad_enabled": false, "backward_error": null, "no_grad_setup_calls": 0}
{"version": "base", "kind": "layer_affine", "device": "cuda", "dtype": "torch.float16", "memory_efficient": false, "strided": true, "callback_grad_enabled": false, "backward_error": null, "no_grad_setup_calls": 0}
{"version": "base", "kind": "layer_affine", "device": "cuda", "dtype": "torch.float16", "memory_efficient": true, "strided": false, "callback_grad_enabled": false, "backward_error": null, "no_grad_setup_calls": 0}
{"version": "base", "kind": "layer_affine", "device": "cuda", "dtype": "torch.float16", "memory_efficient": true, "strided": true, "callback_grad_enabled": false, "backward_error": null, "no_grad_setup_calls": 0}
{"version": "base", "kind": "rms_affine", "device": "cpu", "dtype": "torch.float32", "memory_efficient": false, "strided": false, "callback_grad_enabled": false, "backward_error": null, "no_grad_setup_calls": 0}
{"version": "base", "kind": "rms_affine", "device": "cpu", "dtype": "torch.float32", "memory_efficient": false, "strided": true, "callback_grad_enabled": false, "backward_error": null, "no_grad_setup_calls": 0}
{"version": "base", "kind": "rms_affine", "device": "cpu", "dtype": "torch.float32", "memory_efficient": true, "strided": false, "callback_grad_enabled": false, "backward_error": null, "no_grad_setup_calls": 0}
{"version": "base", "kind": "rms_affine", "device": "cpu", "dtype": "torch.float32", "memory_efficient": true, "strided": true, "callback_grad_enabled": false, "backward_error": null, "no_grad_setup_calls": 0}
{"version": "base", "kind": "rms_affine", "device": "cpu", "dtype": "torch.float16", "memory_efficient": false, "strided": false, "callback_grad_enabled": false, "backward_error": null, "no_grad_setup_calls": 0}
{"version": "base", "kind": "rms_affine", "device": "cpu", "dtype": "torch.float16", "memory_efficient": false, "strided": true, "callback_grad_enabled": false, "backward_error": null, "no_grad_setup_calls": 0}
{"version": "base", "kind": "rms_affine", "device": "cpu", "dtype": "torch.float16", "memory_efficient": true, "strided": false, "callback_grad_enabled": false, "backward_error": null, "no_grad_setup_calls": 0}
{"version": "base", "kind": "rms_affine", "device": "cpu", "dtype": "torch.float16", "memory_efficient": true, "strided": true, "callback_grad_enabled": false, "backward_error": null, "no_grad_setup_calls": 0}
{"version": "base", "kind": "rms_affine", "device": "cuda", "dtype": "torch.float32", "memory_efficient": false, "strided": false, "callback_grad_enabled": false, "backward_error": null, "no_grad_setup_calls": 0}
{"version": "base", "kind": "rms_affine", "device": "cuda", "dtype": "torch.float32", "memory_efficient": false, "strided": true, "callback_grad_enabled": false, "backward_error": null, "no_grad_setup_calls": 0}
{"version": "base", "kind": "rms_affine", "device": "cuda", "dtype": "torch.float32", "memory_efficient": true, "strided": false, "callback_grad_enabled": false, "backward_error": null, "no_grad_setup_calls": 0}
{"version": "base", "kind": "rms_affine", "device": "cuda", "dtype": "torch.float32", "memory_efficient": true, "strided": true, "callback_grad_enabled": false, "backward_error": null, "no_grad_setup_calls": 0}
{"version": "base", "kind": "rms_affine", "device": "cuda", "dtype": "torch.float16", "memory_efficient": false, "strided": false, "callback_grad_enabled": false, "backward_error": null, "no_grad_setup_calls": 0}
{"version": "base", "kind": "rms_affine", "device": "cuda", "dtype": "torch.float16", "memory_efficient": false, "strided": true, "callback_grad_enabled": false, "backward_error": null, "no_grad_setup_calls": 0}
{"version": "base", "kind": "rms_affine", "device": "cuda", "dtype": "torch.float16", "memory_efficient": true, "strided": false, "callback_grad_enabled": false, "backward_error": null, "no_grad_setup_calls": 0}
{"version": "base", "kind": "rms_affine", "device": "cuda", "dtype": "torch.float16", "memory_efficient": true, "strided": true, "callback_grad_enabled": false, "backward_error": null, "no_grad_setup_calls": 0}
{"version": "base", "kind": "layer", "device": "cpu", "dtype": "torch.float32", "memory_efficient": false, "strided": false, "callback_grad_enabled": false, "backward_error": null, "no_grad_setup_calls": 0}
{"version": "base", "kind": "layer", "device": "cpu", "dtype": "torch.float32", "memory_efficient": false, "strided": true, "callback_grad_enabled": false, "backward_error": null, "no_grad_setup_calls": 0}
{"version": "base", "kind": "layer", "device": "cpu", "dtype": "torch.float32", "memory_efficient": true, "strided": false, "callback_grad_enabled": false, "backward_error": null, "no_grad_setup_calls": 0}
{"version": "base", "kind": "layer", "device": "cpu", "dtype": "torch.float32", "memory_efficient": true, "strided": true, "callback_grad_enabled": false, "backward_error": null, "no_grad_setup_calls": 0}
{"version": "base", "kind": "layer", "device": "cpu", "dtype": "torch.float16", "memory_efficient": false, "strided": false, "callback_grad_enabled": false, "backward_error": null, "no_grad_setup_calls": 0}
{"version": "base", "kind": "layer", "device": "cpu", "dtype": "torch.float16", "memory_efficient": false, "strided": true, "callback_grad_enabled": false, "backward_error": null, "no_grad_setup_calls": 0}
{"version": "base", "kind": "layer", "device": "cpu", "dtype": "torch.float16", "memory_efficient": true, "strided": false, "callback_grad_enabled": false, "backward_error": null, "no_grad_setup_calls": 0}
{"version": "base", "kind": "layer", "device": "cpu", "dtype": "torch.float16", "memory_efficient": true, "strided": true, "callback_grad_enabled": false, "backward_error": null, "no_grad_setup_calls": 0}
{"version": "base", "kind": "layer", "device": "cuda", "dtype": "torch.float32", "memory_efficient": false, "strided": false, "callback_grad_enabled": false, "backward_error": null, "no_grad_setup_calls": 0}
{"version": "base", "kind": "layer", "device": "cuda", "dtype": "torch.float32", "memory_efficient": false, "strided": true, "callback_grad_enabled": false, "backward_error": null, "no_grad_setup_calls": 0}
{"version": "base", "kind": "layer", "device": "cuda", "dtype": "torch.float32", "memory_efficient": true, "strided": false, "callback_grad_enabled": false, "backward_error": null, "no_grad_setup_calls": 0}
{"version": "base", "kind": "layer", "device": "cuda", "dtype": "torch.float32", "memory_efficient": true, "strided": true, "callback_grad_enabled": false, "backward_error": null, "no_grad_setup_calls": 0}
{"version": "base", "kind": "layer", "device": "cuda", "dtype": "torch.float16", "memory_efficient": false, "strided": false, "callback_grad_enabled": false, "backward_error": null, "no_grad_setup_calls": 0}
{"version": "base", "kind": "layer", "device": "cuda", "dtype": "torch.float16", "memory_efficient": false, "strided": true, "callback_grad_enabled": false, "backward_error": null, "no_grad_setup_calls": 0}
{"version": "base", "kind": "layer", "device": "cuda", "dtype": "torch.float16", "memory_efficient": true, "strided": false, "callback_grad_enabled": false, "backward_error": null, "no_grad_setup_calls": 0}
{"version": "base", "kind": "layer", "device": "cuda", "dtype": "torch.float16", "memory_efficient": true, "strided": true, "callback_grad_enabled": false, "backward_error": null, "no_grad_setup_calls": 0}
{"version": "base", "kind": "rms", "device": "cpu", "dtype": "torch.float32", "memory_efficient": false, "strided": false, "callback_grad_enabled": false, "backward_error": null, "no_grad_setup_calls": 0}
{"version": "base", "kind": "rms", "device": "cpu", "dtype": "torch.float32", "memory_efficient": false, "strided": true, "callback_grad_enabled": false, "backward_error": null, "no_grad_setup_calls": 0}
{"version": "base", "kind": "rms", "device": "cpu", "dtype": "torch.float32", "memory_efficient": true, "strided": false, "callback_grad_enabled": false, "backward_error": null, "no_grad_setup_calls": 0}
{"version": "base", "kind": "rms", "device": "cpu", "dtype": "torch.float32", "memory_efficient": true, "strided": true, "callback_grad_enabled": false, "backward_error": null, "no_grad_setup_calls": 0}
{"version": "base", "kind": "rms", "device": "cpu", "dtype": "torch.float16", "memory_efficient": false, "strided": false, "callback_grad_enabled": false, "backward_error": null, "no_grad_setup_calls": 0}
{"version": "base", "kind": "rms", "device": "cpu", "dtype": "torch.float16", "memory_efficient": false, "strided": true, "callback_grad_enabled": false, "backward_error": null, "no_grad_setup_calls": 0}
{"version": "base", "kind": "rms", "device": "cpu", "dtype": "torch.float16", "memory_efficient": true, "strided": false, "callback_grad_enabled": false, "backward_error": null, "no_grad_setup_calls": 0}
{"version": "base", "kind": "rms", "device": "cpu", "dtype": "torch.float16", "memory_efficient": true, "strided": true, "callback_grad_enabled": false, "backward_error": null, "no_grad_setup_calls": 0}
{"version": "base", "kind": "rms", "device": "cuda", "dtype": "torch.float32", "memory_efficient": false, "strided": false, "callback_grad_enabled": false, "backward_error": null, "no_grad_setup_calls": 0}
{"version": "base", "kind": "rms", "device": "cuda", "dtype": "torch.float32", "memory_efficient": false, "strided": true, "callback_grad_enabled": false, "backward_error": null, "no_grad_setup_calls": 0}
{"version": "base", "kind": "rms", "device": "cuda", "dtype": "torch.float32", "memory_efficient": true, "strided": false, "callback_grad_enabled": false, "backward_error": null, "no_grad_setup_calls": 0}
{"version": "base", "kind": "rms", "device": "cuda", "dtype": "torch.float32", "memory_efficient": true, "strided": true, "callback_grad_enabled": false, "backward_error": null, "no_grad_setup_calls": 0}
{"version": "base", "kind": "rms", "device": "cuda", "dtype": "torch.float16", "memory_efficient": false, "strided": false, "callback_grad_enabled": false, "backward_error": null, "no_grad_setup_calls": 0}
{"version": "base", "kind": "rms", "device": "cuda", "dtype": "torch.float16", "memory_efficient": false, "strided": true, "callback_grad_enabled": false, "backward_error": null, "no_grad_setup_calls": 0}
{"version": "base", "kind": "rms", "device": "cuda", "dtype": "torch.float16", "memory_efficient": true, "strided": false, "callback_grad_enabled": false, "backward_error": null, "no_grad_setup_calls": 0}
{"version": "base", "kind": "rms", "device": "cuda", "dtype": "torch.float16", "memory_efficient": true, "strided": true, "callback_grad_enabled": false, "backward_error": null, "no_grad_setup_calls": 0}
{"version": "head", "kind": "layer_affine", "device": "cpu", "dtype": "torch.float32", "memory_efficient": false, "strided": false, "callback_grad_enabled": false, "backward_error": "missing saved tensors: expected 5, got 0", "no_grad_setup_calls": 0}
{"version": "head", "kind": "layer_affine", "device": "cpu", "dtype": "torch.float32", "memory_efficient": false, "strided": true, "callback_grad_enabled": false, "backward_error": "missing saved tensors: expected 5, got 0", "no_grad_setup_calls": 0}
{"version": "head", "kind": "layer_affine", "device": "cpu", "dtype": "torch.float32", "memory_efficient": true, "strided": false, "callback_grad_enabled": false, "backward_error": "missing saved tensors: expected 5, got 0", "no_grad_setup_calls": 0}
{"version": "head", "kind": "layer_affine", "device": "cpu", "dtype": "torch.float32", "memory_efficient": true, "strided": true, "callback_grad_enabled": false, "backward_error": "missing saved tensors: expected 5, got 0", "no_grad_setup_calls": 0}
{"version": "head", "kind": "layer_affine", "device": "cpu", "dtype": "torch.float16", "memory_efficient": false, "strided": false, "callback_grad_enabled": false, "backward_error": "missing saved tensors: expected 5, got 0", "no_grad_setup_calls": 0}
{"version": "head", "kind": "layer_affine", "device": "cpu", "dtype": "torch.float16", "memory_efficient": false, "strided": true, "callback_grad_enabled": false, "backward_error": "missing saved tensors: expected 5, got 0", "no_grad_setup_calls": 0}
{"version": "head", "kind": "layer_affine", "device": "cpu", "dtype": "torch.float16", "memory_efficient": true, "strided": false, "callback_grad_enabled": false, "backward_error": "missing saved tensors: expected 5, got 0", "no_grad_setup_calls": 0}
{"version": "head", "kind": "layer_affine", "device": "cpu", "dtype": "torch.float16", "memory_efficient": true, "strided": true, "callback_grad_enabled": false, "backward_error": "missing saved tensors: expected 5, got 0", "no_grad_setup_calls": 0}
{"version": "head", "kind": "layer_affine", "device": "cuda", "dtype": "torch.float32", "memory_efficient": false, "strided": false, "callback_grad_enabled": false, "backward_error": "missing saved tensors: expected 5, got 0", "no_grad_setup_calls": 0}
{"version": "head", "kind": "layer_affine", "device": "cuda", "dtype": "torch.float32", "memory_efficient": false, "strided": true, "callback_grad_enabled": false, "backward_error": "missing saved tensors: expected 5, got 0", "no_grad_setup_calls": 0}
{"version": "head", "kind": "layer_affine", "device": "cuda", "dtype": "torch.float32", "memory_efficient": true, "strided": false, "callback_grad_enabled": false, "backward_error": "missing saved tensors: expected 5, got 0", "no_grad_setup_calls": 0}
{"version": "head", "kind": "layer_affine", "device": "cuda", "dtype": "torch.float32", "memory_efficient": true, "strided": true, "callback_grad_enabled": false, "backward_error": "missing saved tensors: expected 5, got 0", "no_grad_setup_calls": 0}
{"version": "head", "kind": "layer_affine", "device": "cuda", "dtype": "torch.float16", "memory_efficient": false, "strided": false, "callback_grad_enabled": false, "backward_error": "missing saved tensors: expected 5, got 0", "no_grad_setup_calls": 0}
{"version": "head", "kind": "layer_affine", "device": "cuda", "dtype": "torch.float16", "memory_efficient": false, "strided": true, "callback_grad_enabled": false, "backward_error": "missing saved tensors: expected 5, got 0", "no_grad_setup_calls": 0}
{"version": "head", "kind": "layer_affine", "device": "cuda", "dtype": "torch.float16", "memory_efficient": true, "strided": false, "callback_grad_enabled": false, "backward_error": "missing saved tensors: expected 5, got 0", "no_grad_setup_calls": 0}
{"version": "head", "kind": "layer_affine", "device": "cuda", "dtype": "torch.float16", "memory_efficient": true, "strided": true, "callback_grad_enabled": false, "backward_error": "missing saved tensors: expected 5, got 0", "no_grad_setup_calls": 0}
{"version": "head", "kind": "rms_affine", "device": "cpu", "dtype": "torch.float32", "memory_efficient": false, "strided": false, "callback_grad_enabled": false, "backward_error": "missing saved tensors: expected 3, got 0", "no_grad_setup_calls": 0}
{"version": "head", "kind": "rms_affine", "device": "cpu", "dtype": "torch.float32", "memory_efficient": false, "strided": true, "callback_grad_enabled": false, "backward_error": "missing saved tensors: expected 3, got 0", "no_grad_setup_calls": 0}
{"version": "head", "kind": "rms_affine", "device": "cpu", "dtype": "torch.float32", "memory_efficient": true, "strided": false, "callback_grad_enabled": false, "backward_error": "missing saved tensors: expected 3, got 0", "no_grad_setup_calls": 0}
{"version": "head", "kind": "rms_affine", "device": "cpu", "dtype": "torch.float32", "memory_efficient": true, "strided": true, "callback_grad_enabled": false, "backward_error": "missing saved tensors: expected 3, got 0", "no_grad_setup_calls": 0}
{"version": "head", "kind": "rms_affine", "device": "cpu", "dtype": "torch.float16", "memory_efficient": false, "strided": false, "callback_grad_enabled": false, "backward_error": "missing saved tensors: expected 3, got 0", "no_grad_setup_calls": 0}
{"version": "head", "kind": "rms_affine", "device": "cpu", "dtype": "torch.float16", "memory_efficient": false, "strided": true, "callback_grad_enabled": false, "backward_error": "missing saved tensors: expected 3, got 0", "no_grad_setup_calls": 0}
{"version": "head", "kind": "rms_affine", "device": "cpu", "dtype": "torch.float16", "memory_efficient": true, "strided": false, "callback_grad_enabled": false, "backward_error": "missing saved tensors: expected 3, got 0", "no_grad_setup_calls": 0}
{"version": "head", "kind": "rms_affine", "device": "cpu", "dtype": "torch.float16", "memory_efficient": true, "strided": true, "callback_grad_enabled": false, "backward_error": "missing saved tensors: expected 3, got 0", "no_grad_setup_calls": 0}
{"version": "head", "kind": "rms_affine", "device": "cuda", "dtype": "torch.float32", "memory_efficient": false, "strided": false, "callback_grad_enabled": false, "backward_error": "missing saved tensors: expected 3, got 0", "no_grad_setup_calls": 0}
{"version": "head", "kind": "rms_affine", "device": "cuda", "dtype": "torch.float32", "memory_efficient": false, "strided": true, "callback_grad_enabled": false, "backward_error": "missing saved tensors: expected 3, got 0", "no_grad_setup_calls": 0}
{"version": "head", "kind": "rms_affine", "device": "cuda", "dtype": "torch.float32", "memory_efficient": true, "strided": false, "callback_grad_enabled": false, "backward_error": "missing saved tensors: expected 3, got 0", "no_grad_setup_calls": 0}
{"version": "head", "kind": "rms_affine", "device": "cuda", "dtype": "torch.float32", "memory_efficient": true, "strided": true, "callback_grad_enabled": false, "backward_error": "missing saved tensors: expected 3, got 0", "no_grad_setup_calls": 0}
{"version": "head", "kind": "rms_affine", "device": "cuda", "dtype": "torch.float16", "memory_efficient": false, "strided": false, "callback_grad_enabled": false, "backward_error": "missing saved tensors: expected 3, got 0", "no_grad_setup_calls": 0}
{"version": "head", "kind": "rms_affine", "device": "cuda", "dtype": "torch.float16", "memory_efficient": false, "strided": true, "callback_grad_enabled": false, "backward_error": "missing saved tensors: expected 3, got 0", "no_grad_setup_calls": 0}
{"version": "head", "kind": "rms_affine", "device": "cuda", "dtype": "torch.float16", "memory_efficient": true, "strided": false, "callback_grad_enabled": false, "backward_error": "missing saved tensors: expected 3, got 0", "no_grad_setup_calls": 0}
{"version": "head", "kind": "rms_affine", "device": "cuda", "dtype": "torch.float16", "memory_efficient": true, "strided": true, "callback_grad_enabled": false, "backward_error": "missing saved tensors: expected 3, got 0", "no_grad_setup_calls": 0}
{"version": "head", "kind": "layer", "device": "cpu", "dtype": "torch.float32", "memory_efficient": false, "strided": false, "callback_grad_enabled": false, "backward_error": "missing saved tensors: expected 3, got 0", "no_grad_setup_calls": 0}
{"version": "head", "kind": "layer", "device": "cpu", "dtype": "torch.float32", "memory_efficient": false, "strided": true, "callback_grad_enabled": false, "backward_error": "missing saved tensors: expected 3, got 0", "no_grad_setup_calls": 0}
{"version": "head", "kind": "layer", "device": "cpu", "dtype": "torch.float32", "memory_efficient": true, "strided": false, "callback_grad_enabled": false, "backward_error": "missing saved tensors: expected 3, got 0", "no_grad_setup_calls": 0}
{"version": "head", "kind": "layer", "device": "cpu", "dtype": "torch.float32", "memory_efficient": true, "strided": true, "callback_grad_enabled": false, "backward_error": "missing saved tensors: expected 3, got 0", "no_grad_setup_calls": 0}
{"version": "head", "kind": "layer", "device": "cpu", "dtype": "torch.float16", "memory_efficient": false, "strided": false, "callback_grad_enabled": false, "backward_error": "missing saved tensors: expected 3, got 0", "no_grad_setup_calls": 0}
{"version": "head", "kind": "layer", "device": "cpu", "dtype": "torch.float16", "memory_efficient": false, "strided": true, "callback_grad_enabled": false, "backward_error": "missing saved tensors: expected 3, got 0", "no_grad_setup_calls": 0}
{"version": "head", "kind": "layer", "device": "cpu", "dtype": "torch.float16", "memory_efficient": true, "strided": false, "callback_grad_enabled": false, "backward_error": "missing saved tensors: expected 3, got 0", "no_grad_setup_calls": 0}
{"version": "head", "kind": "layer", "device": "cpu", "dtype": "torch.float16", "memory_efficient": true, "strided": true, "callback_grad_enabled": false, "backward_error": "missing saved tensors: expected 3, got 0", "no_grad_setup_calls": 0}
{"version": "head", "kind": "layer", "device": "cuda", "dtype": "torch.float32", "memory_efficient": false, "strided": false, "callback_grad_enabled": false, "backward_error": "missing saved tensors: expected 3, got 0", "no_grad_setup_calls": 0}
{"version": "head", "kind": "layer", "device": "cuda", "dtype": "torch.float32", "memory_efficient": false, "strided": true, "callback_grad_enabled": false, "backward_error": "missing saved tensors: expected 3, got 0", "no_grad_setup_calls": 0}
{"version": "head", "kind": "layer", "device": "cuda", "dtype": "torch.float32", "memory_efficient": true, "strided": false, "callback_grad_enabled": false, "backward_error": "missing saved tensors: expected 3, got 0", "no_grad_setup_calls": 0}
{"version": "head", "kind": "layer", "device": "cuda", "dtype": "torch.float32", "memory_efficient": true, "strided": true, "callback_grad_enabled": false, "backward_error": "missing saved tensors: expected 3, got 0", "no_grad_setup_calls": 0}
{"version": "head", "kind": "layer", "device": "cuda", "dtype": "torch.float16", "memory_efficient": false, "strided": false, "callback_grad_enabled": false, "backward_error": "missing saved tensors: expected 3, got 0", "no_grad_setup_calls": 0}
{"version": "head", "kind": "layer", "device": "cuda", "dtype": "torch.float16", "memory_efficient": false, "strided": true, "callback_grad_enabled": false, "backward_error": "missing saved tensors: expected 3, got 0", "no_grad_setup_calls": 0}
{"version": "head", "kind": "layer", "device": "cuda", "dtype": "torch.float16", "memory_efficient": true, "strided": false, "callback_grad_enabled": false, "backward_error": "missing saved tensors: expected 3, got 0", "no_grad_setup_calls": 0}
{"version": "head", "kind": "layer", "device": "cuda", "dtype": "torch.float16", "memory_efficient": true, "strided": true, "callback_grad_enabled": false, "backward_error": "missing saved tensors: expected 3, got 0", "no_grad_setup_calls": 0}
{"version": "head", "kind": "rms", "device": "cpu", "dtype": "torch.float32", "memory_efficient": false, "strided": false, "callback_grad_enabled": false, "backward_error": "missing saved tensors: expected 2, got 0", "no_grad_setup_calls": 0}
{"version": "head", "kind": "rms", "device": "cpu", "dtype": "torch.float32", "memory_efficient": false, "strided": true, "callback_grad_enabled": false, "backward_error": "missing saved tensors: expected 2, got 0", "no_grad_setup_calls": 0}
{"version": "head", "kind": "rms", "device": "cpu", "dtype": "torch.float32", "memory_efficient": true, "strided": false, "callback_grad_enabled": false, "backward_error": "missing saved tensors: expected 2, got 0", "no_grad_setup_calls": 0}
{"version": "head", "kind": "rms", "device": "cpu", "dtype": "torch.float32", "memory_efficient": true, "strided": true, "callback_grad_enabled": false, "backward_error": "missing saved tensors: expected 2, got 0", "no_grad_setup_calls": 0}
{"version": "head", "kind": "rms", "device": "cpu", "dtype": "torch.float16", "memory_efficient": false, "strided": false, "callback_grad_enabled": false, "backward_error": "missing saved tensors: expected 2, got 0", "no_grad_setup_calls": 0}
{"version": "head", "kind": "rms", "device": "cpu", "dtype": "torch.float16", "memory_efficient": false, "strided": true, "callback_grad_enabled": false, "backward_error": "missing saved tensors: expected 2, got 0", "no_grad_setup_calls": 0}
{"version": "head", "kind": "rms", "device": "cpu", "dtype": "torch.float16", "memory_efficient": true, "strided": false, "callback_grad_enabled": false, "backward_error": "missing saved tensors: expected 2, got 0", "no_grad_setup_calls": 0}
{"version": "head", "kind": "rms", "device": "cpu", "dtype": "torch.float16", "memory_efficient": true, "strided": true, "callback_grad_enabled": false, "backward_error": "missing saved tensors: expected 2, got 0", "no_grad_setup_calls": 0}
{"version": "head", "kind": "rms", "device": "cuda", "dtype": "torch.float32", "memory_efficient": false, "strided": false, "callback_grad_enabled": false, "backward_error": "missing saved tensors: expected 2, got 0", "no_grad_setup_calls": 0}
{"version": "head", "kind": "rms", "device": "cuda", "dtype": "torch.float32", "memory_efficient": false, "strided": true, "callback_grad_enabled": false, "backward_error": "missing saved tensors: expected 2, got 0", "no_grad_setup_calls": 0}
{"version": "head", "kind": "rms", "device": "cuda", "dtype": "torch.float32", "memory_efficient": true, "strided": false, "callback_grad_enabled": false, "backward_error": "missing saved tensors: expected 2, got 0", "no_grad_setup_calls": 0}
{"version": "head", "kind": "rms", "device": "cuda", "dtype": "torch.float32", "memory_efficient": true, "strided": true, "callback_grad_enabled": false, "backward_error": "missing saved tensors: expected 2, got 0", "no_grad_setup_calls": 0}
{"version": "head", "kind": "rms", "device": "cuda", "dtype": "torch.float16", "memory_efficient": false, "strided": false, "callback_grad_enabled": false, "backward_error": "missing saved tensors: expected 2, got 0", "no_grad_setup_calls": 0}
{"version": "head", "kind": "rms", "device": "cuda", "dtype": "torch.float16", "memory_efficient": false, "strided": true, "callback_grad_enabled": false, "backward_error": "missing saved tensors: expected 2, got 0", "no_grad_setup_calls": 0}
{"version": "head", "kind": "rms", "device": "cuda", "dtype": "torch.float16", "memory_efficient": true, "strided": false, "callback_grad_enabled": false, "backward_error": "missing saved tensors: expected 2, got 0", "no_grad_setup_calls": 0}
{"version": "head", "kind": "rms", "device": "cuda", "dtype": "torch.float16", "memory_efficient": true, "strided": true, "callback_grad_enabled": false, "backward_error": "missing saved tensors: expected 2, got 0", "no_grad_setup_calls": 0}
{"base_backward_pass": 64, "head_backward_missing_saves": 64, "no_grad_controls": 128, "status": "PASS"}
